[0m04:22:51.681196 [debug] [MainThread]: Sending event: {'category': 'dbt', 'action': 'invocation', 'label': 'start', 'context': [<snowplow_tracker.self_describing_json.SelfDescribingJson object at 0x105c61130>, <snowplow_tracker.self_describing_json.SelfDescribingJson object at 0x106cb0190>, <snowplow_tracker.self_describing_json.SelfDescribingJson object at 0x106cb04c0>]}


============================== 04:22:51.685196 | 4fbdbca8-ce0b-4404-9cf3-8895e77f00a8 ==============================
[0m04:22:51.685196 [info ] [MainThread]: Running with dbt=1.10.22
[0m04:22:51.685570 [debug] [MainThread]: running dbt with arguments {'indirect_selection': 'eager', 'log_cache_events': 'False', 'use_colors': 'True', 'printer_width': '80', 'empty': 'None', 'no_print': 'None', 'send_anonymous_usage_stats': 'True', 'write_json': 'True', 'debug': 'False', 'invocation_command': 'dbt init aeroflux_transform', 'log_format': 'default', 'version_check': 'True', 'target_path': 'None', 'quiet': 'False', 'warn_error': 'None', 'static_parser': 'True', 'profiles_dir': '/Users/chinmayaramani/.dbt', 'use_experimental_parser': 'False', 'log_path': 'logs', 'fail_fast': 'False', 'warn_error_options': 'WarnErrorOptionsV2(error=[], warn=[], silence=[])', 'introspect': 'True', 'partial_parse': 'True', 'cache_selected_only': 'False'}
[0m04:22:51.694224 [info ] [MainThread]: Creating dbt configuration folder at /Users/chinmayaramani/.dbt
[0m04:22:51.695439 [debug] [MainThread]: Starter project path: /Users/chinmayaramani/Documents/AeroFlux/.venv/lib/python3.9/site-packages/dbt/include/starter_project
[0m04:22:51.700518 [info ] [MainThread]: 
Your new dbt project "aeroflux_transform" was created!

For more information on how to configure the profiles.yml file,
please consult the dbt documentation here:

  https://docs.getdbt.com/docs/configure-your-profile

One more thing:

Need help? Don't hesitate to reach out to us via GitHub issues or on Slack:

  https://community.getdbt.com/

Happy modeling!

[0m04:22:51.700802 [info ] [MainThread]: Setting up your profile.
[0m04:24:48.505009 [error] [MainThread]: Encountered an error:

[0m04:24:48.561407 [error] [MainThread]: Traceback (most recent call last):
  File "/Users/chinmayaramani/Documents/AeroFlux/.venv/lib/python3.9/site-packages/dbt/cli/requires.py", line 178, in wrapper
    result, success = func(*args, **kwargs)
  File "/Users/chinmayaramani/Documents/AeroFlux/.venv/lib/python3.9/site-packages/dbt/cli/requires.py", line 128, in wrapper
    return func(*args, **kwargs)
  File "/Users/chinmayaramani/Documents/AeroFlux/.venv/lib/python3.9/site-packages/dbt/cli/main.py", line 483, in init
    results = task.run()
  File "/Users/chinmayaramani/Documents/AeroFlux/.venv/lib/python3.9/site-packages/dbt/task/init.py", line 346, in run
    self.setup_profile(profile_name)
  File "/Users/chinmayaramani/Documents/AeroFlux/.venv/lib/python3.9/site-packages/dbt/task/init.py", line 262, in setup_profile
    self.create_profile_from_target(adapter, profile_name=profile_name)
  File "/Users/chinmayaramani/Documents/AeroFlux/.venv/lib/python3.9/site-packages/dbt/task/init.py", line 179, in create_profile_from_target
    self.create_profile_from_profile_template(profile_template, profile_name)
  File "/Users/chinmayaramani/Documents/AeroFlux/.venv/lib/python3.9/site-packages/dbt/task/init.py", line 163, in create_profile_from_profile_template
    target = self.generate_target_from_input(prompts, initial_target)
  File "/Users/chinmayaramani/Documents/AeroFlux/.venv/lib/python3.9/site-packages/dbt/task/init.py", line 129, in generate_target_from_input
    target[key] = click.prompt(
  File "/Users/chinmayaramani/Documents/AeroFlux/.venv/lib/python3.9/site-packages/click/termui.py", line 164, in prompt
    value = prompt_func(prompt)
  File "/Users/chinmayaramani/Documents/AeroFlux/.venv/lib/python3.9/site-packages/click/termui.py", line 147, in prompt_func
    raise Abort() from None
click.exceptions.Abort

[0m04:24:48.604286 [debug] [MainThread]: Resource report: {"command_name": "init", "command_success": false, "command_wall_clock_time": 116.973724, "process_in_blocks": "0", "process_kernel_time": 0.18565, "process_mem_max_rss": "102629376", "process_out_blocks": "0", "process_user_time": 0.987408}
[0m04:24:48.604978 [debug] [MainThread]: Command `dbt init` failed at 04:24:48.604859 after 116.97 seconds
[0m04:24:48.605570 [debug] [MainThread]: Sending event: {'category': 'dbt', 'action': 'invocation', 'label': 'end', 'context': [<snowplow_tracker.self_describing_json.SelfDescribingJson object at 0x105c61130>, <snowplow_tracker.self_describing_json.SelfDescribingJson object at 0x10712ac10>, <snowplow_tracker.self_describing_json.SelfDescribingJson object at 0x10712abe0>]}
[0m04:24:48.606046 [debug] [MainThread]: Flushing usage events
[0m04:24:48.893851 [debug] [MainThread]: An error was encountered while trying to flush usage events
